// Vitest Snapshot v1, https://vitest.dev/guide/snapshot.html

exports[`ProfileForm > matches snapshot 1`] = `
<DocumentFragment>
  <div
    class="ProfileForm col-md-6"
  >
    <h3>
      Profile
    </h3>
    <div
      class="card"
    >
      <div
        class="card-body"
      >
        <form>
          <div
            class="form-group"
          >
            <label
              for="username"
            >
              Username
            </label>
            <p
              class="form-control-plaintext"
              id="username"
            >
              testuser
            </p>
          </div>
          <div
            class="form-group"
          >
            <label
              for="firstName"
            >
              First Name
            </label>
            <input
              class="form-control"
              id="firstName"
              name="firstName"
              value="testfirst"
            />
          </div>
          <div
            class="form-group"
          >
            <label
              for="lastName"
            >
              Last Name
            </label>
            <input
              class="form-control"
              id="lastName"
              name="lastName"
              value="testlast"
            />
          </div>
          <div
            class="form-group"
          >
            <label>
              Email
            </label>
            <input
              class="form-control"
              name="email"
              value="test@test.net"
            />
          </div>
          <div
            class="form-group"
          >
            <label
              for="password"
            >
              Confirm password to make changes:
            </label>
            <input
              class="form-control"
              id="password"
              name="password"
              type="password"
              value=""
            />
          </div>
          <button
            class="btn btn-primary btn-block mt-4"
          >
            Save Changes
          </button>
        </form>
      </div>
    </div>
  </div>
</DocumentFragment>
`;
