// Vitest Snapshot v1, https://vitest.dev/guide/snapshot.html

exports[`matches snapshot 1`] = `<DocumentFragment />`;

exports[`matches snapshot when logged out 1`] = `<DocumentFragment />`;
