// Vitest Snapshot v1, https://vitest.dev/guide/snapshot.html

exports[`matches snapshot 1`] = `
<DocumentFragment>
  <div
    class="SerchForm mb-4"
  >
    <form
      class="form-inline"
    >
      <input
        class="form-control form-control-lg flex-grow-1"
        name="searchTerm"
        placeholder="Enter search term..."
        value=""
      />
      <button
        class="btn btn-lg btn-primary"
      >
        Submit
      </button>
    </form>
  </div>
</DocumentFragment>
`;
