// Vitest Snapshot v1, https://vitest.dev/guide/snapshot.html

exports[`matches snapshot 1`] = `
<DocumentFragment>
  <div
    class="JobCard card"
  >
     
    <div
      class="card-body"
    >
      <h6
        class="card-title"
      />
      <p />
      <button
        class="btn btn-danger font-weight-bold text-uppercase float-right"
      >
        Apply
      </button>
    </div>
  </div>
</DocumentFragment>
`;
