// Vitest Snapshot v1, https://vitest.dev/guide/snapshot.html

exports[`matches snapshot with no jobs 1`] = `
<DocumentFragment>
  <div
    class="LoadingSpinner"
  >
    Loading ...
  </div>
</DocumentFragment>
`;
